n/108__.jpg
n/107__.jpg
n/106__.jpg
n/105__.jpg
n/104__.jpg
n/102__.jpg
n/101__.jpg
n/99__.jpg
n/97__.jpg
n/96__.jpg
n/95__.jpg
n/94__.jpg
n/93__.jpg
n/92__.jpg
n/91__.jpg
n/89__.jpg
n/88__.jpg
n/87__.jpg
n/86__.jpg
n/85__.jpg
n/84__.jpg
n/83__.jpg
n/82__.jpg
n/81__.jpg
n/80__.jpg
n/78__.jpg
n/77__.jpg
n/76__.jpg
n/75__.jpg
n/74__.jpg
n/73__.jpg
n/72__.jpg
n/71__.jpg
n/70__.jpg
n/61__.jpg
n/50__.jpg
n/40__.jpg
n/29__.jpg
n/18__.jpg
n/111__.jpg
n/100__.jpg
n/90__.jpg
n/79__.jpg
n/103__.jpg
n/98__.jpg
n/60__.jpg
n/69__.jpg
n/115__.jpg
n/212__.jpg
n/211__.jpg
n/210__.jpg
n/209__.jpg
n/208__.jpg
n/207__.jpg
n/206__.jpg
n/205__.jpg
n/204__.jpg
n/203__.jpg
n/201__.jpg
n/200__.jpg
n/199__.jpg
n/198__.jpg
n/197__.jpg
n/196__.jpg
n/195__.jpg
n/194__.jpg
n/193__.jpg
n/192__.jpg
n/190__.jpg
n/189__.jpg
n/188__.jpg
n/187__.jpg
n/186__.jpg
n/185__.jpg
n/184__.jpg
n/183__.jpg
n/182__.jpg
n/181__.jpg
n/179__.jpg
n/178__.jpg
n/177__.jpg
n/176__.jpg
n/175__.jpg
n/174__.jpg
n/173__.jpg
n/172__.jpg
n/171__.jpg
n/170__.jpg
n/168__.jpg
n/167__.jpg
n/166__.jpg
n/165__.jpg
n/164__.jpg
n/163__.jpg
n/162__.jpg
n/161__.jpg
n/160__.jpg
n/159__.jpg
n/157__.jpg
n/156__.jpg
n/155__.jpg
n/154__.jpg
n/153__.jpg
n/152__.jpg
n/151__.jpg
n/150__.jpg
n/149__.jpg
n/148__.jpg
n/146__.jpg
n/145__.jpg
n/144__.jpg
n/143__.jpg
n/142__.jpg
n/141__.jpg
n/140__.jpg
n/139__.jpg
n/138__.jpg
n/137__.jpg
n/135__.jpg
n/134__.jpg
n/133__.jpg
n/132__.jpg
n/131__.jpg
n/130__.jpg
n/129__.jpg
n/128__.jpg
n/127__.jpg
n/126__.jpg
n/124__.jpg
n/123__.jpg
n/122__.jpg
n/121__.jpg
n/120__.jpg
n/119__.jpg
n/118__.jpg
n/117__.jpg
n/116__.jpg
n/114__.jpg
n/202__.jpg
n/191__.jpg
n/180__.jpg
n/169__.jpg
n/158__.jpg
n/147__.jpg
n/136__.jpg
n/125__.jpg
n/113__.jpg
n/112__.jpg
n/jpg_99.jpg
n/jpg_98.jpg
n/jpg_97.jpg
n/jpg_96.jpg
n/jpg_95.jpg
n/jpg_94.jpg
n/jpg_93.jpg
n/jpg_92.jpg
n/jpg_91.jpg
n/jpg_90.jpg
n/jpg_89.jpg
n/jpg_88.jpg
n/jpg_87.jpg
n/jpg_86.jpg
n/jpg_85.jpg
n/jpg_84.jpg
n/jpg_83.jpg
n/jpg_82.jpg
n/jpg_81.jpg
n/jpg_80.jpg
n/jpg_79.jpg
n/jpg_78.jpg
n/jpg_77.jpg
n/jpg_76.jpg
n/jpg_75.jpg
n/jpg_74.jpg
n/jpg_73.jpg
n/jpg_70.jpg
n/jpg_69.jpg
n/jpg_68.jpg
n/jpg_67.jpg
n/jpg_66.jpg
n/jpg_65.jpg
n/jpg_63.jpg
n/jpg_62.jpg
n/jpg_61.jpg
n/jpg_59.jpg
n/jpg_58.jpg
n/jpg_55.jpg
n/jpg_54.jpg
n/jpg_53.jpg
n/jpg_52.jpg
n/jpg_51.jpg
n/jpg_50.jpg
n/jpg_48.jpg
n/jpg_47.jpg
n/jpg_46.jpg
n/jpg_45.jpg
n/jpg_44.jpg
n/jpg_43.jpg
n/jpg_42.jpg
n/jpg_41.jpg
n/jpg_40.jpg
n/jpg_39.jpg
n/jpg_38.jpg
n/jpg_37.jpg
n/jpg_36.jpg
n/jpg_35.jpg
n/jpg_34.jpg
n/jpg_33.jpg
n/jpg_32.jpg
n/jpg_31.jpg
n/jpg_30.jpg
n/jpg_29.jpg
n/jpg_28.jpg
n/jpg_27.jpg
n/jpg_26.jpg
n/jpg_25.jpg
n/jpg_24.jpg
n/jpg_23.jpg
n/jpg_21.jpg
n/jpg_20.jpg
n/jpg_18.jpg
n/jpg_17.jpg
n/jpg_16.jpg
n/jpg_15.jpg
n/jpg_14.jpg
n/jpg_13.jpg
n/jpg_12.jpg
n/jpg_11.jpg
n/jpg_9.jpg
n/jpg_8.jpg
n/jpg_4.jpg
n/jpg_0.jpg
n/68__.jpg
n/67__.jpg
n/66__.jpg
n/65__.jpg
n/64__.jpg
n/63__.jpg
n/62__.jpg
n/59__.jpg
n/58__.jpg
n/57__.jpg
n/56__.jpg
n/55__.jpg
n/54__.jpg
n/53__.jpg
n/52__.jpg
n/51__.jpg
n/49__.jpg
n/48__.jpg
n/47__.jpg
n/46__.jpg
n/45__.jpg
n/44__.jpg
n/43__.jpg
n/41__.jpg
n/39__.jpg
n/38__.jpg
n/37__.jpg
n/36__.jpg
n/35__.jpg
n/34__.jpg
n/33__.jpg
n/31__.jpg
n/30__.jpg
n/28__.jpg
n/27__.jpg
n/26__.jpg
n/25__.jpg
n/24__.jpg
n/22__.jpg
n/21__.jpg
n/20__.jpg
n/19__.jpg
n/17__.jpg
n/16__.jpg
n/15__.jpg
n/13__.jpg
n/12__.jpg
n/11__.jpg
n/10__.jpg
n/9__.jpg
n/8__.jpg
n/42__.jpg
n/32__.jpg
n/23__.jpg
n/14__.jpg
n/110__.jpg
n/109__.jpg
n/7__.jpg
n/6__.jpg
n/5__.jpg
n/4__.jpg
n/3__.jpg
n/2__.jpg
n/1__.jpg
n/0__.jpg