n/jpg_100.jpg
n/jpg_99.jpg
n/jpg_98.jpg
n/jpg_97.jpg
n/jpg_96.jpg
n/jpg_95.jpg
n/jpg_94.jpg
n/jpg_93.jpg
n/jpg_92.jpg
n/jpg_91.jpg
n/jpg_90.jpg
n/jpg_89.jpg
n/jpg_88.jpg
n/jpg_87.jpg
n/jpg_86.jpg
n/jpg_85.jpg
n/jpg_84.jpg
n/jpg_83.jpg
n/jpg_82.jpg
n/jpg_81.jpg
n/jpg_80.jpg
n/jpg_79.jpg
n/jpg_78.jpg
n/jpg_77.jpg
n/jpg_76.jpg
n/jpg_75.jpg
n/jpg_74.jpg
n/jpg_73.jpg
n/jpg_72.jpg
n/jpg_71.jpg
n/jpg_70.jpg
n/jpg_69.jpg
n/jpg_68.jpg
n/jpg_67.jpg
n/jpg_66.jpg
n/jpg_65.jpg
n/jpg_64.jpg
n/jpg_63.jpg
n/jpg_62.jpg
n/jpg_61.jpg
n/jpg_60.jpg
n/jpg_59.jpg
n/jpg_58.jpg
n/jpg_57.jpg
n/jpg_56.jpg
n/jpg_55.jpg
n/jpg_54.jpg
n/jpg_53.jpg
n/jpg_52.jpg
n/jpg_51.jpg
n/jpg_50.jpg
n/jpg_49.jpg
n/jpg_48.jpg
n/jpg_47.jpg
n/jpg_46.jpg
n/jpg_45.jpg
n/jpg_44.jpg
n/jpg_43.jpg
n/jpg_42.jpg
n/jpg_41.jpg
n/jpg_40.jpg
n/jpg_39.jpg
n/jpg_38.jpg
n/jpg_37.jpg
n/jpg_36.jpg
n/jpg_35.jpg
n/jpg_34.jpg
n/jpg_33.jpg
n/jpg_32.jpg
n/jpg_31.jpg
n/jpg_30.jpg
n/jpg_29.jpg
n/jpg_28.jpg
n/jpg_27.jpg
n/jpg_26.jpg
n/jpg_25.jpg
n/jpg_24.jpg
n/jpg_23.jpg
n/jpg_22.jpg
n/jpg_21.jpg
n/jpg_20.jpg
n/jpg_19.jpg
n/jpg_18.jpg
n/jpg_17.jpg
n/jpg_16.jpg
n/jpg_15.jpg
n/jpg_14.jpg
n/jpg_13.jpg
n/jpg_12.jpg
n/jpg_11.jpg
n/jpg_10.jpg
n/jpg_9.jpg
n/jpg_8.jpg
n/jpg_7.jpg
n/jpg_6.jpg
n/jpg_5.jpg
n/jpg_4.jpg
n/jpg_3.jpg
n/jpg_2.jpg
n/jpg_1.jpg
n/jpg_0.jpg